\BOOKMARK [0][-]{chapter*.5}{\376\377\000A\000b\000s\000t\000r\000a\000c\000t}{}% 1
\BOOKMARK [0][-]{chapter*.6}{\376\377\000L\000i\000s\000t\000\040\000o\000f\000\040\000A\000b\000b\000r\000e\000v\000i\000a\000t\000i\000o\000n\000s}{}% 2
\BOOKMARK [0][-]{chapter.1}{\376\377\000I\000n\000t\000r\000o\000d\000u\000c\000t\000i\000o\000n}{}% 3
\BOOKMARK [1][-]{section.1.1}{\376\377\000M\000o\000t\000i\000v\000a\000t\000i\000o\000n}{chapter.1}% 4
\BOOKMARK [1][-]{section.1.2}{\376\377\000S\000c\000o\000p\000e\000\040\000a\000n\000d\000\040\000G\000o\000a\000l\000s}{chapter.1}% 5
\BOOKMARK [2][-]{subsection.1.2.1}{\376\377\000P\000r\000o\000j\000e\000c\000t\000\040\000G\000o\000a\000l\000s}{section.1.2}% 6
\BOOKMARK [2][-]{subsection.1.2.2}{\376\377\000P\000r\000o\000j\000e\000c\000t\000\040\000S\000c\000o\000p\000e}{section.1.2}% 7
\BOOKMARK [1][-]{section.1.3}{\376\377\000C\000h\000a\000l\000l\000e\000n\000g\000e\000s\000\040\000a\000n\000d\000\040\000S\000o\000l\000u\000t\000i\000o\000n\000s}{chapter.1}% 8
\BOOKMARK [2][-]{subsection.1.3.1}{\376\377\000C\000h\000a\000l\000l\000e\000n\000g\000e\000\040\0001\000:\000\040\000B\000r\000i\000d\000g\000i\000n\000g\000\040\000N\000a\000t\000u\000r\000a\000l\000\040\000L\000a\000n\000g\000u\000a\000g\000e\000\040\000t\000o\000\040\000S\000y\000s\000t\000e\000m\000\040\000C\000o\000m\000m\000a\000n\000d\000s}{section.1.3}% 9
\BOOKMARK [2][-]{subsection.1.3.2}{\376\377\000C\000h\000a\000l\000l\000e\000n\000g\000e\000\040\0002\000:\000\040\000M\000a\000n\000a\000g\000i\000n\000g\000\040\000C\000o\000m\000p\000l\000e\000x\000\040\000M\000u\000l\000t\000i\000-\000S\000t\000e\000p\000\040\000O\000p\000e\000r\000a\000t\000i\000o\000n\000s}{section.1.3}% 10
\BOOKMARK [2][-]{subsection.1.3.3}{\376\377\000C\000h\000a\000l\000l\000e\000n\000g\000e\000\040\0003\000:\000\040\000R\000e\000a\000l\000-\000T\000i\000m\000e\000\040\000R\000e\000s\000p\000o\000n\000s\000e\000\040\000D\000e\000l\000i\000v\000e\000r\000y}{section.1.3}% 11
\BOOKMARK [2][-]{subsection.1.3.4}{\376\377\000C\000h\000a\000l\000l\000e\000n\000g\000e\000\040\0004\000:\000\040\000S\000e\000c\000u\000r\000e\000\040\000T\000o\000o\000l\000\040\000E\000x\000e\000c\000u\000t\000i\000o\000n}{section.1.3}% 12
\BOOKMARK [2][-]{subsection.1.3.5}{\376\377\000C\000h\000a\000l\000l\000e\000n\000g\000e\000\040\0005\000:\000\040\000V\000i\000s\000u\000a\000l\000i\000z\000a\000t\000i\000o\000n\000\040\000G\000e\000n\000e\000r\000a\000t\000i\000o\000n\000\040\000a\000n\000d\000\040\000D\000e\000l\000i\000v\000e\000r\000y}{section.1.3}% 13
\BOOKMARK [1][-]{section.1.4}{\376\377\000T\000h\000e\000s\000i\000s\000\040\000S\000t\000r\000u\000c\000t\000u\000r\000e}{chapter.1}% 14
\BOOKMARK [0][-]{chapter.2}{\376\377\000T\000h\000e\000o\000r\000e\000t\000i\000c\000a\000l\000\040\000B\000a\000c\000k\000g\000r\000o\000u\000n\000d}{}% 15
\BOOKMARK [1][-]{section.2.1}{\376\377\000S\000l\000u\000r\000m\000\040\000W\000o\000r\000k\000l\000o\000a\000d\000\040\000M\000a\000n\000a\000g\000e\000r}{chapter.2}% 16
\BOOKMARK [2][-]{subsection.2.1.1}{\376\377\000A\000r\000c\000h\000i\000t\000e\000c\000t\000u\000r\000e\000\040\000O\000v\000e\000r\000v\000i\000e\000w}{section.2.1}% 17
\BOOKMARK [2][-]{subsection.2.1.2}{\376\377\000C\000o\000r\000e\000\040\000C\000o\000n\000c\000e\000p\000t\000s}{section.2.1}% 18
\BOOKMARK [2][-]{subsection.2.1.3}{\376\377\000C\000o\000m\000m\000a\000n\000d\000-\000L\000i\000n\000e\000\040\000I\000n\000t\000e\000r\000f\000a\000c\000e}{section.2.1}% 19
\BOOKMARK [2][-]{subsection.2.1.4}{\376\377\000J\000o\000b\000\040\000S\000u\000b\000m\000i\000s\000s\000i\000o\000n\000\040\000a\000n\000d\000\040\000S\000c\000h\000e\000d\000u\000l\000i\000n\000g}{section.2.1}% 20
\BOOKMARK [1][-]{section.2.2}{\376\377\000L\000a\000r\000g\000e\000\040\000L\000a\000n\000g\000u\000a\000g\000e\000\040\000M\000o\000d\000e\000l\000s}{chapter.2}% 21
\BOOKMARK [2][-]{subsection.2.2.1}{\376\377\000T\000r\000a\000n\000s\000f\000o\000r\000m\000e\000r\000\040\000A\000r\000c\000h\000i\000t\000e\000c\000t\000u\000r\000e}{section.2.2}% 22
\BOOKMARK [2][-]{subsection.2.2.2}{\376\377\000A\000u\000t\000o\000r\000e\000g\000r\000e\000s\000s\000i\000v\000e\000\040\000L\000a\000n\000g\000u\000a\000g\000e\000\040\000M\000o\000d\000e\000l\000i\000n\000g}{section.2.2}% 23
\BOOKMARK [2][-]{subsection.2.2.3}{\376\377\000I\000n\000s\000t\000r\000u\000c\000t\000i\000o\000n\000\040\000T\000u\000n\000i\000n\000g\000\040\000a\000n\000d\000\040\000A\000l\000i\000g\000n\000m\000e\000n\000t}{section.2.2}% 24
\BOOKMARK [2][-]{subsection.2.2.4}{\376\377\000E\000m\000e\000r\000g\000e\000n\000t\000\040\000C\000a\000p\000a\000b\000i\000l\000i\000t\000i\000e\000s}{section.2.2}% 25
\BOOKMARK [2][-]{subsection.2.2.5}{\376\377\000F\000u\000n\000c\000t\000i\000o\000n\000\040\000C\000a\000l\000l\000i\000n\000g\000\040\000a\000n\000d\000\040\000S\000t\000r\000u\000c\000t\000u\000r\000e\000d\000\040\000O\000u\000t\000p\000u\000t}{section.2.2}% 26
\BOOKMARK [1][-]{section.2.3}{\376\377\000M\000o\000d\000e\000l\000\040\000C\000o\000n\000t\000e\000x\000t\000\040\000P\000r\000o\000t\000o\000c\000o\000l}{chapter.2}% 27
\BOOKMARK [2][-]{subsection.2.3.1}{\376\377\000P\000r\000o\000t\000o\000c\000o\000l\000\040\000O\000v\000e\000r\000v\000i\000e\000w}{section.2.3}% 28
\BOOKMARK [2][-]{subsection.2.3.2}{\376\377\000T\000r\000a\000n\000s\000p\000o\000r\000t\000\040\000M\000e\000c\000h\000a\000n\000i\000s\000m\000s}{section.2.3}% 29
\BOOKMARK [2][-]{subsection.2.3.3}{\376\377\000T\000o\000o\000l\000\040\000D\000e\000f\000i\000n\000i\000t\000i\000o\000n\000\040\000a\000n\000d\000\040\000I\000n\000v\000o\000c\000a\000t\000i\000o\000n}{section.2.3}% 30
\BOOKMARK [2][-]{subsection.2.3.4}{\376\377\000I\000m\000p\000l\000e\000m\000e\000n\000t\000a\000t\000i\000o\000n\000\040\000P\000a\000t\000t\000e\000r\000n\000s}{section.2.3}% 31
\BOOKMARK [2][-]{subsection.2.3.5}{\376\377\000S\000e\000c\000u\000r\000i\000t\000y\000\040\000C\000o\000n\000s\000i\000d\000e\000r\000a\000t\000i\000o\000n\000s}{section.2.3}% 32
\BOOKMARK [1][-]{section.2.4}{\376\377\000A\000g\000e\000n\000t\000\040\000A\000r\000c\000h\000i\000t\000e\000c\000t\000u\000r\000e\000s\000\040\000a\000n\000d\000\040\000F\000r\000a\000m\000e\000w\000o\000r\000k\000s}{chapter.2}% 33
\BOOKMARK [2][-]{subsection.2.4.1}{\376\377\000R\000e\000A\000c\000t\000:\000\040\000R\000e\000a\000s\000o\000n\000i\000n\000g\000\040\000a\000n\000d\000\040\000A\000c\000t\000i\000n\000g}{section.2.4}% 34
\BOOKMARK [2][-]{subsection.2.4.2}{\376\377\000O\000p\000e\000n\000A\000I\000\040\000A\000g\000e\000n\000t\000s\000\040\000S\000D\000K}{section.2.4}% 35
\BOOKMARK [2][-]{subsection.2.4.3}{\376\377\000C\000o\000m\000b\000i\000n\000i\000n\000g\000\040\000R\000e\000A\000c\000t\000\040\000w\000i\000t\000h\000\040\000O\000p\000e\000n\000A\000I\000\040\000A\000g\000e\000n\000t\000s\000\040\000S\000D\000K}{section.2.4}% 36
\BOOKMARK [0][-]{chapter.3}{\376\377\000R\000e\000l\000a\000t\000e\000d\000\040\000T\000o\000o\000l\000s\000\040\000a\000n\000d\000\040\000W\000o\000r\000k\000s}{}% 37
\BOOKMARK [1][-]{section.3.1}{\376\377\000H\000P\000C\000\040\000M\000a\000n\000a\000g\000e\000m\000e\000n\000t\000\040\000T\000o\000o\000l\000s}{chapter.3}% 38
\BOOKMARK [2][-]{subsection.3.1.1}{\376\377\000N\000a\000t\000i\000v\000e\000\040\000S\000l\000u\000r\000m\000\040\000I\000n\000t\000e\000r\000f\000a\000c\000e\000s}{section.3.1}% 39
\BOOKMARK [2][-]{subsection.3.1.2}{\376\377\000T\000h\000i\000r\000d\000-\000P\000a\000r\000t\000y\000\040\000M\000o\000n\000i\000t\000o\000r\000i\000n\000g\000\040\000S\000o\000l\000u\000t\000i\000o\000n\000s}{section.3.1}% 40
\BOOKMARK [2][-]{subsection.3.1.3}{\376\377\000P\000o\000r\000t\000a\000l\000\040\000a\000n\000d\000\040\000G\000a\000t\000e\000w\000a\000y\000\040\000S\000y\000s\000t\000e\000m\000s}{section.3.1}% 41
\BOOKMARK [2][-]{subsection.3.1.4}{\376\377\000L\000i\000m\000i\000t\000a\000t\000i\000o\000n\000s\000\040\000o\000f\000\040\000E\000x\000i\000s\000t\000i\000n\000g\000\040\000A\000p\000p\000r\000o\000a\000c\000h\000e\000s}{section.3.1}% 42
\BOOKMARK [1][-]{section.3.2}{\376\377\000L\000L\000M\000-\000B\000a\000s\000e\000d\000\040\000A\000g\000e\000n\000t\000\040\000F\000r\000a\000m\000e\000w\000o\000r\000k\000s}{chapter.3}% 43
\BOOKMARK [2][-]{subsection.3.2.1}{\376\377\000A\000g\000e\000n\000t\000\040\000P\000a\000r\000a\000d\000i\000g\000m\000s}{section.3.2}% 44
\BOOKMARK [2][-]{subsection.3.2.2}{\376\377\000F\000r\000a\000m\000e\000w\000o\000r\000k\000\040\000I\000m\000p\000l\000e\000m\000e\000n\000t\000a\000t\000i\000o\000n\000s}{section.3.2}% 45
\BOOKMARK [2][-]{subsection.3.2.3}{\376\377\000M\000u\000l\000t\000i\000-\000A\000g\000e\000n\000t\000\040\000S\000y\000s\000t\000e\000m\000s}{section.3.2}% 46
\BOOKMARK [2][-]{subsection.3.2.4}{\376\377\000T\000o\000o\000l\000\040\000I\000n\000t\000e\000g\000r\000a\000t\000i\000o\000n\000\040\000P\000a\000t\000t\000e\000r\000n\000s}{section.3.2}% 47
\BOOKMARK [2][-]{subsection.3.2.5}{\376\377\000R\000e\000l\000e\000v\000a\000n\000c\000e\000\040\000t\000o\000\040\000S\000l\000u\000r\000m\000\040\000A\000g\000e\000n\000t}{section.3.2}% 48
\BOOKMARK [1][-]{section.3.3}{\376\377\000M\000C\000P\000\040\000I\000m\000p\000l\000e\000m\000e\000n\000t\000a\000t\000i\000o\000n\000s\000\040\000a\000n\000d\000\040\000A\000p\000p\000l\000i\000c\000a\000t\000i\000o\000n\000s}{chapter.3}% 49
\BOOKMARK [2][-]{subsection.3.3.1}{\376\377\000R\000e\000f\000e\000r\000e\000n\000c\000e\000\040\000I\000m\000p\000l\000e\000m\000e\000n\000t\000a\000t\000i\000o\000n\000s}{section.3.3}% 50
\BOOKMARK [2][-]{subsection.3.3.2}{\376\377\000S\000e\000r\000v\000e\000r\000\040\000E\000c\000o\000s\000y\000s\000t\000e\000m}{section.3.3}% 51
\BOOKMARK [2][-]{subsection.3.3.3}{\376\377\000H\000o\000s\000t\000\040\000A\000p\000p\000l\000i\000c\000a\000t\000i\000o\000n\000s}{section.3.3}% 52
\BOOKMARK [2][-]{subsection.3.3.4}{\376\377\000D\000e\000s\000i\000g\000n\000\040\000P\000a\000t\000t\000e\000r\000n\000s\000\040\000i\000n\000\040\000P\000r\000a\000c\000t\000i\000c\000e}{section.3.3}% 53
\BOOKMARK [2][-]{subsection.3.3.5}{\376\377\000G\000a\000p\000s\000\040\000a\000n\000d\000\040\000O\000p\000p\000o\000r\000t\000u\000n\000i\000t\000i\000e\000s}{section.3.3}% 54
\BOOKMARK [0][-]{chapter.4}{\376\377\000P\000r\000o\000p\000o\000s\000e\000d\000\040\000A\000p\000p\000r\000o\000a\000c\000h\000e\000s}{}% 55
\BOOKMARK [1][-]{section.4.1}{\376\377\000A\000p\000p\000l\000i\000c\000a\000t\000i\000o\000n\000\040\000I\000n\000t\000r\000o\000d\000u\000c\000t\000i\000o\000n}{chapter.4}% 56
\BOOKMARK [2][-]{subsection.4.1.1}{\376\377\000A\000p\000p\000l\000i\000c\000a\000t\000i\000o\000n\000\040\000C\000o\000n\000c\000e\000p\000t}{section.4.1}% 57
\BOOKMARK [2][-]{subsection.4.1.2}{\376\377\000T\000a\000r\000g\000e\000t\000\040\000U\000s\000e\000r\000s}{section.4.1}% 58
\BOOKMARK [2][-]{subsection.4.1.3}{\376\377\000I\000n\000t\000e\000r\000a\000c\000t\000i\000o\000n\000\040\000M\000o\000d\000e\000l}{section.4.1}% 59
\BOOKMARK [1][-]{section.4.2}{\376\377\000R\000e\000q\000u\000i\000r\000e\000m\000e\000n\000t\000s\000\040\000O\000v\000e\000r\000v\000i\000e\000w}{chapter.4}% 60
\BOOKMARK [2][-]{subsection.4.2.1}{\376\377\000F\000u\000n\000c\000t\000i\000o\000n\000a\000l\000\040\000R\000e\000q\000u\000i\000r\000e\000m\000e\000n\000t\000s}{section.4.2}% 61
\BOOKMARK [2][-]{subsection.4.2.2}{\376\377\000N\000o\000n\000-\000F\000u\000n\000c\000t\000i\000o\000n\000a\000l\000\040\000R\000e\000q\000u\000i\000r\000e\000m\000e\000n\000t\000s}{section.4.2}% 62
\BOOKMARK [2][-]{subsection.4.2.3}{\376\377\000C\000o\000n\000s\000t\000r\000a\000i\000n\000t\000s}{section.4.2}% 63
\BOOKMARK [1][-]{section.4.3}{\376\377\000S\000y\000s\000t\000e\000m\000\040\000A\000r\000c\000h\000i\000t\000e\000c\000t\000u\000r\000e}{chapter.4}% 64
\BOOKMARK [2][-]{subsection.4.3.1}{\376\377\000A\000r\000c\000h\000i\000t\000e\000c\000t\000u\000r\000e\000\040\000O\000v\000e\000r\000v\000i\000e\000w}{section.4.3}% 65
\BOOKMARK [2][-]{subsection.4.3.2}{\376\377\000C\000o\000m\000p\000o\000n\000e\000n\000t\000\040\000D\000e\000s\000c\000r\000i\000p\000t\000i\000o\000n\000s}{section.4.3}% 66
\BOOKMARK [2][-]{subsection.4.3.3}{\376\377\000C\000o\000m\000m\000u\000n\000i\000c\000a\000t\000i\000o\000n\000\040\000P\000a\000t\000t\000e\000r\000n\000s}{section.4.3}% 67
\BOOKMARK [2][-]{subsection.4.3.4}{\376\377\000D\000a\000t\000a\000\040\000F\000l\000o\000w}{section.4.3}% 68
\BOOKMARK [2][-]{subsection.4.3.5}{\376\377\000D\000e\000p\000l\000o\000y\000m\000e\000n\000t\000\040\000A\000r\000c\000h\000i\000t\000e\000c\000t\000u\000r\000e}{section.4.3}% 69
\BOOKMARK [0][-]{chapter.5}{\376\377\000I\000m\000p\000l\000e\000m\000e\000n\000t\000a\000t\000i\000o\000n}{}% 70
\BOOKMARK [1][-]{section.5.1}{\376\377\000A\000g\000e\000n\000t\000\040\000B\000a\000c\000k\000e\000n\000d\000\040\000I\000m\000p\000l\000e\000m\000e\000n\000t\000a\000t\000i\000o\000n}{chapter.5}% 71
\BOOKMARK [2][-]{subsection.5.1.1}{\376\377\000T\000e\000c\000h\000n\000o\000l\000o\000g\000y\000\040\000S\000t\000a\000c\000k}{section.5.1}% 72
\BOOKMARK [2][-]{subsection.5.1.2}{\376\377\000M\000u\000l\000t\000i\000-\000A\000g\000e\000n\000t\000\040\000A\000r\000c\000h\000i\000t\000e\000c\000t\000u\000r\000e\000:\000\040\000S\000u\000b\000-\000A\000g\000e\000n\000t\000s\000\040\000a\000s\000\040\000T\000o\000o\000l\000s}{section.5.1}% 73
\BOOKMARK [2][-]{subsection.5.1.3}{\376\377\000C\000o\000n\000f\000i\000r\000m\000a\000t\000i\000o\000n\000\040\000C\000o\000n\000t\000e\000x\000t\000:\000\040\000T\000w\000o\000-\000F\000a\000c\000t\000o\000r\000\040\000A\000u\000t\000h\000e\000n\000t\000i\000c\000a\000t\000i\000o\000n\000\040\000f\000o\000r\000\040\000D\000a\000n\000g\000e\000r\000o\000u\000s\000\040\000O\000p\000e\000r\000a\000t\000i\000o\000n\000s}{section.5.1}% 74
\BOOKMARK [2][-]{subsection.5.1.4}{\376\377\000E\000m\000b\000e\000d\000d\000e\000d\000\040\000V\000i\000s\000u\000a\000l\000\040\000H\000a\000n\000d\000l\000i\000n\000g\000:\000\040\000C\000h\000a\000r\000t\000\040\000A\000r\000t\000i\000f\000a\000c\000t\000\040\000M\000a\000n\000a\000g\000e\000m\000e\000n\000t}{section.5.1}% 75
\BOOKMARK [2][-]{subsection.5.1.5}{\376\377\000S\000e\000s\000s\000i\000o\000n\000\040\000M\000a\000n\000a\000g\000e\000m\000e\000n\000t\000\040\000a\000n\000d\000\040\000C\000o\000n\000v\000e\000r\000s\000a\000t\000i\000o\000n\000\040\000P\000e\000r\000s\000i\000s\000t\000e\000n\000c\000e}{section.5.1}% 76
\BOOKMARK [2][-]{subsection.5.1.6}{\376\377\000S\000t\000r\000e\000a\000m\000i\000n\000g\000\040\000R\000e\000s\000p\000o\000n\000s\000e\000\040\000A\000r\000c\000h\000i\000t\000e\000c\000t\000u\000r\000e}{section.5.1}% 77
\BOOKMARK [1][-]{section.5.2}{\376\377\000M\000C\000P\000\040\000S\000e\000r\000v\000e\000r\000\040\000I\000m\000p\000l\000e\000m\000e\000n\000t\000a\000t\000i\000o\000n}{chapter.5}% 78
\BOOKMARK [2][-]{subsection.5.2.1}{\376\377\000T\000e\000c\000h\000n\000o\000l\000o\000g\000y\000\040\000S\000t\000a\000c\000k}{section.5.2}% 79
\BOOKMARK [2][-]{subsection.5.2.2}{\376\377\000A\000r\000c\000h\000i\000t\000e\000c\000t\000u\000r\000a\000l\000\040\000D\000e\000s\000i\000g\000n\000\040\000D\000e\000c\000i\000s\000i\000o\000n\000s}{section.5.2}% 80
\BOOKMARK [2][-]{subsection.5.2.3}{\376\377\000T\000o\000o\000l\000\040\000I\000m\000p\000l\000e\000m\000e\000n\000t\000a\000t\000i\000o\000n\000\040\000P\000a\000t\000t\000e\000r\000n\000s}{section.5.2}% 81
\BOOKMARK [2][-]{subsection.5.2.4}{\376\377\000C\000o\000m\000m\000a\000n\000d\000\040\000E\000x\000e\000c\000u\000t\000i\000o\000n\000\040\000I\000n\000f\000r\000a\000s\000t\000r\000u\000c\000t\000u\000r\000e}{section.5.2}% 82
\BOOKMARK [2][-]{subsection.5.2.5}{\376\377\000T\000r\000a\000n\000s\000p\000o\000r\000t\000\040\000C\000o\000n\000f\000i\000g\000u\000r\000a\000t\000i\000o\000n}{section.5.2}% 83
\BOOKMARK [2][-]{subsection.5.2.6}{\376\377\000S\000e\000c\000u\000r\000i\000t\000y\000\040\000C\000o\000n\000s\000i\000d\000e\000r\000a\000t\000i\000o\000n\000s}{section.5.2}% 84
\BOOKMARK [1][-]{section.5.3}{\376\377\000F\000r\000o\000n\000t\000e\000n\000d\000\040\000I\000m\000p\000l\000e\000m\000e\000n\000t\000a\000t\000i\000o\000n}{chapter.5}% 85
\BOOKMARK [2][-]{subsection.5.3.1}{\376\377\000A\000r\000c\000h\000i\000t\000e\000c\000t\000u\000r\000e\000\040\000O\000v\000e\000r\000v\000i\000e\000w}{section.5.3}% 86
\BOOKMARK [2][-]{subsection.5.3.2}{\376\377\000T\000e\000c\000h\000n\000o\000l\000o\000g\000y\000\040\000S\000t\000a\000c\000k}{section.5.3}% 87
\BOOKMARK [2][-]{subsection.5.3.3}{\376\377\000M\000i\000d\000d\000l\000e\000w\000a\000r\000e\000\040\000R\000o\000u\000t\000e\000r\000\040\000I\000m\000p\000l\000e\000m\000e\000n\000t\000a\000t\000i\000o\000n}{section.5.3}% 88
\BOOKMARK [2][-]{subsection.5.3.4}{\376\377\000A\000g\000e\000n\000t\000\040\000S\000e\000r\000v\000i\000c\000e\000\040\000A\000P\000I}{section.5.3}% 89
\BOOKMARK [2][-]{subsection.5.3.5}{\376\377\000S\000t\000r\000e\000a\000m\000i\000n\000g\000\040\000R\000e\000s\000p\000o\000n\000s\000e\000\040\000F\000l\000o\000w}{section.5.3}% 90
\BOOKMARK [2][-]{subsection.5.3.6}{\376\377\000O\000p\000e\000n\000\040\000W\000e\000b\000U\000I\000\040\000F\000e\000a\000t\000u\000r\000e\000s\000\040\000L\000e\000v\000e\000r\000a\000g\000e\000d}{section.5.3}% 91
\BOOKMARK [2][-]{subsection.5.3.7}{\376\377\000D\000e\000p\000l\000o\000y\000m\000e\000n\000t\000\040\000C\000o\000n\000f\000i\000g\000u\000r\000a\000t\000i\000o\000n}{section.5.3}% 92
\BOOKMARK [0][-]{chapter.6}{\376\377\000E\000x\000p\000e\000r\000i\000m\000e\000n\000t\000s}{}% 93
\BOOKMARK [1][-]{section.6.1}{\376\377\000T\000e\000s\000t\000i\000n\000g\000\040\000A\000p\000p\000r\000o\000a\000c\000h}{chapter.6}% 94
\BOOKMARK [2][-]{subsection.6.1.1}{\376\377\000T\000e\000s\000t\000i\000n\000g\000\040\000E\000n\000v\000i\000r\000o\000n\000m\000e\000n\000t}{section.6.1}% 95
\BOOKMARK [2][-]{subsection.6.1.2}{\376\377\000A\000u\000t\000o\000m\000a\000t\000e\000d\000\040\000E\000v\000a\000l\000u\000a\000t\000i\000o\000n\000\040\000F\000r\000a\000m\000e\000w\000o\000r\000k}{section.6.1}% 96
\BOOKMARK [2][-]{subsection.6.1.3}{\376\377\000E\000x\000a\000m\000p\000l\000e\000\040\000T\000e\000s\000t\000\040\000C\000a\000s\000e\000s}{section.6.1}% 97
\BOOKMARK [2][-]{subsection.6.1.4}{\376\377\000S\000c\000e\000n\000a\000r\000i\000o\000-\000B\000a\000s\000e\000d\000\040\000M\000a\000n\000u\000a\000l\000\040\000T\000e\000s\000t\000i\000n\000g}{section.6.1}% 98
\BOOKMARK [2][-]{subsection.6.1.5}{\376\377\000T\000e\000s\000t\000\040\000C\000a\000s\000e\000\040\000D\000o\000c\000u\000m\000e\000n\000t\000a\000t\000i\000o\000n}{section.6.1}% 99
\BOOKMARK [2][-]{subsection.6.1.6}{\376\377\000R\000u\000n\000n\000i\000n\000g\000\040\000t\000h\000e\000\040\000E\000v\000a\000l\000u\000a\000t\000i\000o\000n}{section.6.1}% 100
\BOOKMARK [2][-]{subsection.6.1.7}{\376\377\000S\000o\000u\000r\000c\000e\000\040\000C\000o\000d\000e\000\040\000a\000n\000d\000\040\000R\000e\000p\000r\000o\000d\000u\000c\000i\000b\000i\000l\000i\000t\000y}{section.6.1}% 101
\BOOKMARK [1][-]{section.6.2}{\376\377\000E\000x\000p\000e\000r\000i\000m\000e\000n\000t\000a\000l\000\040\000R\000e\000s\000u\000l\000t\000s}{chapter.6}% 102
\BOOKMARK [2][-]{subsection.6.2.1}{\376\377\000A\000u\000t\000o\000m\000a\000t\000e\000d\000\040\000E\000v\000a\000l\000u\000a\000t\000i\000o\000n\000\040\000R\000e\000s\000u\000l\000t\000s}{section.6.2}% 103
\BOOKMARK [2][-]{subsection.6.2.2}{\376\377\000U\000n\000i\000t\000\040\000T\000e\000s\000t\000i\000n\000g\000\040\000R\000e\000s\000u\000l\000t\000s}{section.6.2}% 104
\BOOKMARK [2][-]{subsection.6.2.3}{\376\377\000R\000e\000s\000p\000o\000n\000s\000e\000\040\000T\000i\000m\000e\000\040\000A\000n\000a\000l\000y\000s\000i\000s}{section.6.2}% 105
\BOOKMARK [2][-]{subsection.6.2.4}{\376\377\000S\000u\000b\000-\000A\000g\000e\000n\000t\000\040\000D\000e\000l\000e\000g\000a\000t\000i\000o\000n\000\040\000R\000e\000s\000u\000l\000t\000s}{section.6.2}% 106
\BOOKMARK [2][-]{subsection.6.2.5}{\376\377\000V\000i\000s\000u\000a\000l\000i\000z\000a\000t\000i\000o\000n\000\040\000Q\000u\000a\000l\000i\000t\000y\000\040\000E\000v\000a\000l\000u\000a\000t\000i\000o\000n}{section.6.2}% 107
\BOOKMARK [2][-]{subsection.6.2.6}{\376\377\000S\000c\000e\000n\000a\000r\000i\000o\000\040\000T\000e\000s\000t\000\040\000R\000e\000s\000u\000l\000t\000s}{section.6.2}% 108
\BOOKMARK [2][-]{subsection.6.2.7}{\376\377\000L\000L\000M\000-\000a\000s\000-\000J\000u\000d\000g\000e\000\040\000F\000e\000e\000d\000b\000a\000c\000k\000\040\000A\000n\000a\000l\000y\000s\000i\000s}{section.6.2}% 109
\BOOKMARK [2][-]{subsection.6.2.8}{\376\377\000S\000e\000s\000s\000i\000o\000n\000\040\000a\000n\000d\000\040\000C\000o\000n\000t\000e\000x\000t\000\040\000M\000a\000n\000a\000g\000e\000m\000e\000n\000t\000\040\000R\000e\000s\000u\000l\000t\000s}{section.6.2}% 110
\BOOKMARK [2][-]{subsection.6.2.9}{\376\377\000E\000r\000r\000o\000r\000\040\000A\000n\000a\000l\000y\000s\000i\000s}{section.6.2}% 111
\BOOKMARK [2][-]{subsection.6.2.10}{\376\377\000S\000u\000m\000m\000a\000r\000y\000\040\000o\000f\000\040\000R\000e\000s\000u\000l\000t\000s}{section.6.2}% 112
\BOOKMARK [2][-]{subsection.6.2.11}{\376\377\000C\000o\000m\000p\000a\000r\000i\000s\000o\000n\000\040\000w\000i\000t\000h\000\040\000M\000a\000n\000u\000a\000l\000\040\000A\000p\000p\000r\000o\000a\000c\000h}{section.6.2}% 113
\BOOKMARK [0][-]{chapter.7}{\376\377\000C\000o\000n\000c\000l\000u\000s\000i\000o\000n}{}% 114
\BOOKMARK [1][-]{section.7.1}{\376\377\000S\000u\000m\000m\000a\000r\000y}{chapter.7}% 115
\BOOKMARK [2][-]{subsection.7.1.1}{\376\377\000R\000e\000s\000e\000a\000r\000c\000h\000\040\000C\000o\000n\000t\000r\000i\000b\000u\000t\000i\000o\000n\000s}{section.7.1}% 116
\BOOKMARK [2][-]{subsection.7.1.2}{\376\377\000A\000c\000h\000i\000e\000v\000e\000m\000e\000n\000t\000\040\000o\000f\000\040\000P\000r\000o\000j\000e\000c\000t\000\040\000G\000o\000a\000l\000s}{section.7.1}% 117
\BOOKMARK [2][-]{subsection.7.1.3}{\376\377\000K\000e\000y\000\040\000F\000i\000n\000d\000i\000n\000g\000s}{section.7.1}% 118
\BOOKMARK [2][-]{subsection.7.1.4}{\376\377\000S\000o\000u\000r\000c\000e\000\040\000C\000o\000d\000e\000\040\000A\000v\000a\000i\000l\000a\000b\000i\000l\000i\000t\000y}{section.7.1}% 119
\BOOKMARK [1][-]{section.7.2}{\376\377\000L\000i\000m\000i\000t\000a\000t\000i\000o\000n\000s}{chapter.7}% 120
\BOOKMARK [2][-]{subsection.7.2.1}{\376\377\000E\000v\000a\000l\000u\000a\000t\000i\000o\000n\000\040\000L\000i\000m\000i\000t\000a\000t\000i\000o\000n\000s}{section.7.2}% 121
\BOOKMARK [2][-]{subsection.7.2.2}{\376\377\000S\000c\000o\000p\000e\000\040\000L\000i\000m\000i\000t\000a\000t\000i\000o\000n\000s}{section.7.2}% 122
\BOOKMARK [2][-]{subsection.7.2.3}{\376\377\000T\000e\000c\000h\000n\000i\000c\000a\000l\000\040\000L\000i\000m\000i\000t\000a\000t\000i\000o\000n\000s}{section.7.2}% 123
\BOOKMARK [2][-]{subsection.7.2.4}{\376\377\000S\000e\000c\000u\000r\000i\000t\000y\000\040\000L\000i\000m\000i\000t\000a\000t\000i\000o\000n\000s}{section.7.2}% 124
\BOOKMARK [2][-]{subsection.7.2.5}{\376\377\000P\000e\000r\000f\000o\000r\000m\000a\000n\000c\000e\000\040\000L\000i\000m\000i\000t\000a\000t\000i\000o\000n\000s}{section.7.2}% 125
\BOOKMARK [1][-]{section.7.3}{\376\377\000F\000u\000t\000u\000r\000e\000\040\000W\000o\000r\000k}{chapter.7}% 126
\BOOKMARK [2][-]{subsection.7.3.1}{\376\377\000H\000u\000m\000a\000n\000\040\000V\000a\000l\000i\000d\000a\000t\000i\000o\000n\000\040\000a\000n\000d\000\040\000U\000s\000e\000r\000\040\000S\000t\000u\000d\000i\000e\000s}{section.7.3}% 127
\BOOKMARK [2][-]{subsection.7.3.2}{\376\377\000R\000e\000a\000l\000\040\000H\000P\000C\000\040\000C\000l\000u\000s\000t\000e\000r\000\040\000T\000e\000s\000t\000i\000n\000g}{section.7.3}% 128
\BOOKMARK [2][-]{subsection.7.3.3}{\376\377\000E\000x\000t\000e\000n\000d\000e\000d\000\040\000F\000u\000n\000c\000t\000i\000o\000n\000a\000l\000i\000t\000y}{section.7.3}% 129
\BOOKMARK [2][-]{subsection.7.3.4}{\376\377\000T\000e\000c\000h\000n\000i\000c\000a\000l\000\040\000E\000n\000h\000a\000n\000c\000e\000m\000e\000n\000t\000s}{section.7.3}% 130
\BOOKMARK [2][-]{subsection.7.3.5}{\376\377\000I\000n\000t\000e\000g\000r\000a\000t\000i\000o\000n\000\040\000E\000x\000t\000e\000n\000s\000i\000o\000n\000s}{section.7.3}% 131
\BOOKMARK [2][-]{subsection.7.3.6}{\376\377\000R\000e\000s\000e\000a\000r\000c\000h\000\040\000D\000i\000r\000e\000c\000t\000i\000o\000n\000s}{section.7.3}% 132
\BOOKMARK [2][-]{subsection.7.3.7}{\376\377\000T\000h\000e\000s\000i\000s\000\040\000D\000e\000v\000e\000l\000o\000p\000m\000e\000n\000t\000\040\000P\000l\000a\000n}{section.7.3}% 133
\BOOKMARK [0][-]{table.caption.120}{\376\377\000R\000e\000f\000e\000r\000e\000n\000c\000e\000s}{}% 134
\BOOKMARK [0][-]{chapter.8}{\376\377\000C\000o\000m\000p\000l\000e\000t\000e\000\040\000T\000e\000s\000t\000\040\000C\000a\000s\000e\000\040\000R\000e\000s\000u\000l\000t\000s}{}% 135
\BOOKMARK [1][-]{section.8.1}{\376\377\000T\000e\000s\000t\000\040\000C\000a\000s\000e\000\040\000S\000u\000m\000m\000a\000r\000y}{chapter.8}% 136
\BOOKMARK [1][-]{section.8.2}{\376\377\000D\000e\000t\000a\000i\000l\000e\000d\000\040\000S\000c\000o\000r\000e\000\040\000B\000r\000e\000a\000k\000d\000o\000w\000n}{chapter.8}% 137
\BOOKMARK [1][-]{section.8.3}{\376\377\000F\000a\000i\000l\000e\000d\000\040\000T\000e\000s\000t\000\040\000C\000a\000s\000e\000\040\000A\000n\000a\000l\000y\000s\000i\000s}{chapter.8}% 138
